<html>
<body>
<pre>
<h1>µVision Build Log</h1>
<h2>Tool Versions:</h2>
IDE-Version: £gVision V5.27.1.0
Copyright (C) 2019 ARM Ltd and ARM Germany GmbH. All rights reserved.
License Information: Kuan Wei Wang, NTUST, LIC=BUUSB-2VARL-JJN6S-LGVW7-9JMC3-Y46MM
 
Tool Versions:
Toolchain:       MDK-ARM Plus  Version: 5.26.2.0
Toolchain Path:  D:\keil_V5\ARM\ARMCC\Bin
C Compiler:      Armcc.exe V5.06 update 6 (build 750)
Assembler:       Armasm.exe V5.06 update 6 (build 750)
Linker/Locator:  ArmLink.exe V5.06 update 6 (build 750)
Library Manager: ArmAr.exe V5.06 update 6 (build 750)
Hex Converter:   FromElf.exe V5.06 update 6 (build 750)
CPU DLL:         SARMCM3.DLL V5.26.2.0
Dialog DLL:      DARMCM1.DLL V1.19.1.0
Target DLL:      CMSIS_AGDI.dll V1.30.6.0
Dialog DLL:      TARMCM1.DLL V1.14.0.0
 
<h2>Project:</h2>
D:\sourceTree\Holtek_Tap_it\InnoPrj\project\MDK_ARMv5\AP.uvprojx
Project File Date:  07/15/2020

<h2>Output:</h2>
*** Using Compiler 'V5.06 update 6 (build 750)', folder: 'D:\keil_V5\ARM\ARMCC\Bin'
Build target 'HT32'
compiling main.c...
linking...
Program Size: Code=26878 RO-data=9658 RW-data=352 ZI-data=9496  
FromELF: creating hex file...
After Build - User command #1: fromelf --bin -o "D:\sourceTree\Holtek_Tap_it\InnoPrj\project\MDK_ARMv5\HT32\AP\AP.axf.bin" "D:\sourceTree\Holtek_Tap_it\InnoPrj\project\MDK_ARMv5\HT32\AP\AP.axf"
".\HT32\AP\AP.axf" - 0 Error(s), 0 Warning(s).

<h2>Software Packages used:</h2>

Package Vendor: Holtek
                http://mcu.holtek.com.tw/pack/Holtek.HT32_DFP.1.0.16.pack
                Holtek.HT32_DFP.1.0.16
                Holtek HT32 Family Support

<h2>Collection of Component include folders:</h2>
  .\RTE\_HT32
  D:\keil_V5\ARM\PACK\Holtek\HT32_DFP\1.0.16\ARM\INC\Holtek\HT32F5xxxx

<h2>Collection of Component Files used:</h2>
Build Time Elapsed:  00:00:03
</pre>
</body>
</html>
